// Jest Snapshot v1, https://goo.gl/fbAQLP

exports[`test button component 1`] = `
<input
  className="keycap-input keycap-input-default"
  which="default"
>
  test
</input>
`;
